[1;90m  Title                Status       Checks     Fixing  Age[m
[38;5;237m╭────────────────────────────────────────────────────────╮[m
[38;5;237m│[m[1;90mkumahq/kuma[m                                             [38;5;237m│[m
[38;5;237m│[m[97;48;5;237m  chore(deps): bump…   [32m✓ Ready[m      [90m-[m          [90m-[m        [38;5;237m│[m
[38;5;237m│[m1d[m                                                      [38;5;237m│[m
[38;5;237m│[m  chore(deps): bump…   [33m◐ Review[m     [90m-[m          [90m-[m        [38;5;237m│[m
[38;5;237m│[m7d                                                      [38;5;237m│[m
[38;5;237m│[m                                                        [38;5;237m│[m
[38;5;237m│[m                                                        [38;5;237m│[m
[38;5;237m│[m                                                        [38;5;237m│[m
[38;5;237m│[m                                                        [38;5;237m│[m
[38;5;237m│[m                                                        [38;5;237m│[m
[38;5;237m╰────────────────────────────────────────────────────────╯[m